* $FROM mvu;
$EXTERN RunApplication, Text;


$ENTRY GO {
  = <RunApplication ('Refal Android') ('#181818ff') InitModel Update View>
}


$ENTRY InitModel {
  = (0)
}


$ENTRY Update {
  (ButtonEvent s.X s.Y s.Button 1) (s.Count) = (<Add s.Count 1>);
  
  t.Msg t.Model = t.Model;
}


$ENTRY View {
  (s.Count) 
    = <Text (('#ffffffff') (20 1000) 16) 'Hello from Refal!: ' <Symb s.Count>>
}
